// Jest Snapshot v1, https://goo.gl/fbAQLP

exports[`Render Home Snapshot and Match 1`] = `
<div
  className="level m-6"
>
  <a
    href="/login"
    onClick={[Function]}
  >
     
    <button
      className="button is-success m-1"
    >
      Go to Login
    </button>
  </a>
  <input
    className="input is-primary m-1"
    placeholder="Enter Name"
    type="text"
  />
</div>
`;
